; module main
; source: set_value @ line 3
define void @set_value(ptr(mut %Box) %b, i64 %v) {
entry:
  store i64 %v, %b
  ret void
}

; source: consume @ line 7
define i64 @consume(%Box %b) {
entry:
  %t1 = load i64, %b
  ret i64 %t1
}

; source: main @ line 10
define i64 @main() {
entry:
  %b.agg.3 = alloca %Box
  %t0 = alloca %Box
  store i64 0, %t0
  %t2 = load %Box, %t0
  store %Box %t2, %b.agg.3
  call void @set_value(ptr(mut %Box) %b.agg.3, i64 99)
  %pload.4 = load %Box, %b.agg.3
  %t5 = call i64 @consume(%Box %pload.4)
  ret i64 %t5
}
