; module main
define i64 @main() {
entry:

  br label %while.hdr0
while.hdr0:
  %phi.0 = phi i64 [0, %entry], [%t3, %for.step3]
  %phi.1 = phi i64 [0, %entry], [%t4, %for.step3]
  %t2 = slt i1 %phi.1, 5
  br i1 %t2, label %while.body1, label %while.exit2
while.body1:
  %t3 = add i64 %phi.0, %phi.1
  br label %for.step3
for.step3:
  %t4 = add i64 %phi.1, 1
  br label %while.hdr0
while.exit2:

  ret i64 %phi.0
}
