; module main
; source: consume @ line 9
define i64 @consume(%Counter %c) {
entry:
  %t1 = load i64, %c
  ret i64 %t1
}

; source: main @ line 12
define i64 @main() {
entry:
  %addr.3 = alloca %Counter
  %t0 = alloca %Counter
  store i64 42, %t0
  %t2 = load %Counter, %t0
  store %Counter %t2, %addr.3
  %t4 = call i64 @Counter_get(ptr(%Counter) %addr.3)
  %pload.5 = load %Counter, %addr.3
  %t6 = call i64 @consume(%Counter %pload.5)
  ret i64 %t4
}

; source: Counter_get @ line 4
define i64 @Counter_get(ptr(%Counter) %self) {
entry:
  %t1 = load i64, %self
  ret i64 %t1
}
