completed=1
mode=single
discovered=95
selected=1
executed=1
reported=1
killed=1
invalid=0
survived=0
could_not_apply=0
integrity_ok=1
secs_total=<VOLATILE>
secs_copy=<VOLATILE>
secs_build=<VOLATILE>
secs_gate=<VOLATILE>
secs_other=<VOLATILE>
qualified=0
families_declared=95
families_run=1
killed_by_gate=1
killed_by_build=0
baseline_gates_green=1/1
gates_proven=1/95
failed=0
evidence_written=1
evidence_root=<VOLATILE>
families_digest=b839b2ff0189c79b050867f37d834f68402223866dfaf40eb345a753e9687660
evidence_dir=<VOLATILE>
run_id=<VOLATILE>
head=<VOLATILE>
executed_driver_sha=a57667f6f806ba5aa2ccae75f4009433
preamble_driver_sha=a57667f6f806ba5aa2ccae75f4009433
repo_driver_sha=a57667f6f806ba5aa2ccae75f4009433
inventory_sha=27e0794e73e677afdf8087dbee4dacdf
tracked_sha=e3b0c44298fc1c149afbf4c8996fb924
workspace_tracked_sha=e3b0c44298fc1c149afbf4c8996fb924
workspace_head=<VOLATILE>
workspace_untracked_sha=e3b0c44298fc1c149afbf4c8996fb924
baseline_compiler_sha=<VOLATILE>
compilers_tested=per-family-rebuilds
untracked_sha=e3b0c44298fc1c149afbf4c8996fb924
refusals= single_family_selected(95)
supervisor_refusals=none
supervisor_child_exit=0
candidate_incoherent=none
